// Jest Snapshot v1, https://goo.gl/fbAQLP

exports[`resolve-scripts build --config=resolve.test.config.json getConfig() should return default config 1`] = `
Object {
  "aggregates": "common/aggregates/index.js",
  "auth": "auth/index.js",
  "build": false,
  "bus": Object {
    "adapter": "resolve-bus-memory",
  },
  "distDir": "dist",
  "host": "127.0.0.1",
  "index": "client/index.js",
  "inspectHost": "127.0.0.1",
  "inspectPort": 9229,
  "mode": "development",
  "port": 3000,
  "readModels": "common/read-models/index.js",
  "redux": Object {
    "middlewares": "client/middlewares/index.js",
    "reducers": "client/reducers/index.js",
    "store": "client/store/index.js",
  },
  "registry": "https://registry.resolve.coming.soon",
  "rootPath": "",
  "routes": "client/routes.js",
  "start": false,
  "staticDir": "static",
  "staticPath": "",
  "storage": Object {
    "adapter": "resolve-storage-lite",
    "options": Object {
      "pathToFile": "storage.txt",
    },
  },
  "subscribe": Object {
    "adapter": "resolve-redux/dist/subscribe_adapter",
  },
  "viewModels": "common/view-models/index.js",
  "watch": false,
}
`;
