// Jest Snapshot v1, https://goo.gl/fbAQLP

exports[`renders correctly 1`] = `
<div>
  <div>
    <nav
      className="navbar navbar-default"
    >
      <div
        className="container"
      >
        <p
          className="navbar-text"
        >
          <img
            className=""
            src="/resolve-logo.png"
          />
           Todo Two Levels Example
        </p>
        <div
          aria-expanded={null}
          className="navbar-collapse collapse"
        >
          <p
            className="navbar-text navbar-right"
          >
            <a
              className="navbar-link"
              href="https://facebook.com/resolvejs/"
            >
              <img
                className=""
                src="/fb-logo.png"
              />
            </a>
          </p>
          <p
            className="navbar-text navbar-right"
          >
            <a
              className="navbar-link"
              href="https://twitter.com/resolvejs"
            >
              <img
                className=""
                src="/twitter-logo.png"
              />
            </a>
          </p>
          <p
            className="navbar-text navbar-right"
          >
            <a
              className="navbar-link"
              href="https://github.com/reimagined/resolve"
            >
              <img
                className=""
                src="/github-logo.png"
              />
            </a>
          </p>
        </div>
      </div>
    </nav>
  </div>
  <h1>
    <a
      aria-current="true"
      className="active"
      href="/"
      onClick={[Function]}
      style={Object {}}
    >
      Home
    </a>
     | TODO
  </h1>
  <div>
    <ol>
      <li>
        <label>
          <input
            checked={true}
            onChange={[Function]}
            type="checkbox"
          />
          text1
        </label>
        <span
          onClick={[Function]}
        >
           [x]
        </span>
      </li>
      <li>
        <label>
          <input
            checked={false}
            onChange={[Function]}
            type="checkbox"
          />
          text2
        </label>
        <span
          onClick={[Function]}
        >
           [x]
        </span>
      </li>
    </ol>
    <input
      type="text"
    />
    <button
      onClick={[Function]}
    >
      Add Item
    </button>
  </div>
</div>
`;
